// Jest Snapshot v1, https://goo.gl/fbAQLP

exports[`store/modules/database/mutations provides the mutations 1`] = `
Object {
  "SET_ACTIVE_ENTITY": [Function],
  "SET_ENTITIES": [Function],
  "SET_ENTITY_COUNT": [Function],
  "SET_ENTITY_TYPE": [Function],
}
`;
