// Jest Snapshot v1, https://goo.gl/fbAQLP

exports[`store/modules/paperEntities/state provides the initial state 1`] = `
Object {
  "entities": Array [],
  "entityCount": -1,
  "entityType": undefined,
}
`;
