// Jest Snapshot v1, https://goo.gl/fbAQLP

exports[`components/visualizations/view/WordCloud.vue renders 1`] = `<div></div>`;
