// Jest Snapshot v1, https://goo.gl/fbAQLP

exports[`store/modules/toasts/actions provides the actions 1`] = `
Object {
  "removeToast": [Function],
  "showError": [Function],
  "showInfo": [Function],
  "showSuccess": [Function],
  "showWarning": [Function],
}
`;
