// Jest Snapshot v1, https://goo.gl/fbAQLP

exports[`store/modules/projects/mutations provides the mutations 1`] = `
Object {
  "CLOSE_PROJECT": [Function],
  "OPEN_PROJECT": [Function],
  "SET_ACTIVE_PROJECT": [Function],
  "SET_PROJECTS": [Function],
  "UNSET_ACTIVE_PROJECT": [Function],
}
`;
