// Jest Snapshot v1, https://goo.gl/fbAQLP

exports[`store/modules/visualizations/getters provides the getters 1`] = `
Object {
  "visualizations": [Function],
}
`;
