// Jest Snapshot v1, https://goo.gl/fbAQLP

exports[`store/modules/visualizations/mutations provides the mutations 1`] = `
Object {
  "SET_CURRENT_VISUALIZATION": [Function],
  "SET_VISUALIZATIONS": [Function],
}
`;
